// Jest Snapshot v1, https://goo.gl/fbAQLP

exports[`Header 单元测试 初始化 快照 1`] = `
<div
  className="header"
>
  <div
    className="header-content"
  >
    TodoList
    <input
      className="header-input"
      data-test="input"
      onChange={[Function]}
      onKeyUp={[Function]}
      placeholder="Todo"
      value=""
    />
  </div>
</div>
`;
